app/agencies/[id]/page.tsx(695,34): error TS7006: Parameter 'seatId' implicitly has an 'any' type.
app/page.tsx(31,24): error TS2307: Cannot find module 'framer-motion' or its corresponding type declarations.
app/page.tsx(837,32): error TS7006: Parameter 'seat' implicitly has an 'any' type.
app/Tracking/page.tsx(138,9): error TS2345: Argument of type 'number[]' is not assignable to parameter of type '[number, number]'.
  Target requires 2 element(s) but source may have fewer.
app/Tracking/page.tsx(142,26): error TS2345: Argument of type 'number[]' is not assignable to parameter of type 'SetStateAction<[number, number] | null>'.
  Type 'number[]' is not assignable to type '(prevState: [number, number] | null) => [number, number] | null'.
    Type 'number[]' provides no match for the signature '(prevState: [number, number] | null): [number, number] | null'.
app/Tracking/page.tsx(143,25): error TS2345: Argument of type 'number[]' is not assignable to parameter of type '[number, number]'.
  Target requires 2 element(s) but source may have fewer.
app/Tracking/page.tsx(444,35): error TS2339: Property 'name' does not exist on type 'number[]'.
app/Tracking/page.tsx(445,31): error TS2339: Property 'name' does not exist on type 'number[]'.
app/Tracking/page.tsx(453,45): error TS2551: Property 'lat' does not exist on type 'number[]'. Did you mean 'flat'?
app/Tracking/page.tsx(453,61): error TS2339: Property 'lon' does not exist on type 'number[]'.
app/Tracking/page.tsx(454,39): error TS2551: Property 'lat' does not exist on type 'number[]'. Did you mean 'flat'?
app/Tracking/page.tsx(454,53): error TS2339: Property 'lon' does not exist on type 'number[]'.
app/Tracking/page.tsx(455,47): error TS2551: Property 'lat' does not exist on type 'number[]'. Did you mean 'flat'?
app/Tracking/page.tsx(455,63): error TS2339: Property 'lon' does not exist on type 'number[]'.
app/Tracking/page.tsx(463,44): error TS2345: Argument of type 'any[]' is not assignable to parameter of type '[number, number]'.
  Target requires 2 element(s) but source may have fewer.
app/Tracking/page.tsx(465,28): error TS2345: Argument of type 'any[]' is not assignable to parameter of type 'SetStateAction<[number, number] | null>'.
  Type 'any[]' is not assignable to type '(prevState: [number, number] | null) => [number, number] | null'.
    Type 'any[]' provides no match for the signature '(prevState: [number, number] | null): [number, number] | null'.
components/BusSeatSimulation.tsx(4,24): error TS2307: Cannot find module '@react-three/fiber' or its corresponding type declarations.
components/BusSeatSimulation.tsx(5,56): error TS2307: Cannot find module '@react-three/drei' or its corresponding type declarations.
components/BusSeatSimulation.tsx(6,24): error TS2307: Cannot find module 'three' or its corresponding type declarations.
components/BusSeatSimulation.tsx(18,9): error TS2339: Property 'group' does not exist on type 'JSX.IntrinsicElements'.
components/BusSeatSimulation.tsx(20,23): error TS7006: Parameter 'e' implicitly has an 'any' type.
components/BusSeatSimulation.tsx(25,13): error TS2339: Property 'mesh' does not exist on type 'JSX.IntrinsicElements'.
components/BusSeatSimulation.tsx(26,17): error TS2339: Property 'boxGeometry' does not exist on type 'JSX.IntrinsicElements'.
components/BusSeatSimulation.tsx(27,17): error TS2339: Property 'meshStandardMaterial' does not exist on type 'JSX.IntrinsicElements'.
components/BusSeatSimulation.tsx(28,13): error TS2339: Property 'mesh' does not exist on type 'JSX.IntrinsicElements'.
components/BusSeatSimulation.tsx(31,13): error TS2339: Property 'mesh' does not exist on type 'JSX.IntrinsicElements'.
components/BusSeatSimulation.tsx(32,17): error TS2339: Property 'boxGeometry' does not exist on type 'JSX.IntrinsicElements'.
components/BusSeatSimulation.tsx(33,17): error TS2339: Property 'meshStandardMaterial' does not exist on type 'JSX.IntrinsicElements'.
components/BusSeatSimulation.tsx(34,13): error TS2339: Property 'mesh' does not exist on type 'JSX.IntrinsicElements'.
components/BusSeatSimulation.tsx(37,13): error TS2339: Property 'mesh' does not exist on type 'JSX.IntrinsicElements'.
components/BusSeatSimulation.tsx(38,17): error TS2339: Property 'boxGeometry' does not exist on type 'JSX.IntrinsicElements'.
components/BusSeatSimulation.tsx(39,17): error TS2339: Property 'meshStandardMaterial' does not exist on type 'JSX.IntrinsicElements'.
components/BusSeatSimulation.tsx(40,13): error TS2339: Property 'mesh' does not exist on type 'JSX.IntrinsicElements'.
components/BusSeatSimulation.tsx(43,13): error TS2339: Property 'mesh' does not exist on type 'JSX.IntrinsicElements'.
components/BusSeatSimulation.tsx(44,17): error TS2339: Property 'boxGeometry' does not exist on type 'JSX.IntrinsicElements'.
components/BusSeatSimulation.tsx(45,17): error TS2339: Property 'meshStandardMaterial' does not exist on type 'JSX.IntrinsicElements'.
components/BusSeatSimulation.tsx(51,13): error TS2339: Property 'mesh' does not exist on type 'JSX.IntrinsicElements'.
components/BusSeatSimulation.tsx(55,17): error TS2339: Property 'pointLight' does not exist on type 'JSX.IntrinsicElements'.
components/BusSeatSimulation.tsx(69,9): error TS2339: Property 'group' does not exist on type 'JSX.IntrinsicElements'.
components/BusSeatSimulation.tsx(132,21): error TS2339: Property 'ambientLight' does not exist on type 'JSX.IntrinsicElements'.
components/BusSeatSimulation.tsx(133,21): error TS2339: Property 'directionalLight' does not exist on type 'JSX.IntrinsicElements'.
components/BusSeatSimulation.tsx(134,21): error TS2339: Property 'pointLight' does not exist on type 'JSX.IntrinsicElements'.
components/BusSeatSimulation.tsx(135,21): error TS2339: Property 'pointLight' does not exist on type 'JSX.IntrinsicElements'.
components/BusSeatSimulation.tsx(137,21): error TS2339: Property 'group' does not exist on type 'JSX.IntrinsicElements'.
components/BusSeatSimulation.tsx(139,25): error TS2339: Property 'mesh' does not exist on type 'JSX.IntrinsicElements'.
components/BusSeatSimulation.tsx(140,29): error TS2339: Property 'planeGeometry' does not exist on type 'JSX.IntrinsicElements'.
components/BusSeatSimulation.tsx(141,29): error TS2339: Property 'meshStandardMaterial' does not exist on type 'JSX.IntrinsicElements'.
components/BusSeatSimulation.tsx(142,25): error TS2339: Property 'mesh' does not exist on type 'JSX.IntrinsicElements'.
components/BusSeatSimulation.tsx(145,25): error TS2339: Property 'mesh' does not exist on type 'JSX.IntrinsicElements'.
components/BusSeatSimulation.tsx(146,29): error TS2339: Property 'planeGeometry' does not exist on type 'JSX.IntrinsicElements'.
components/BusSeatSimulation.tsx(147,29): error TS2339: Property 'meshStandardMaterial' does not exist on type 'JSX.IntrinsicElements'.
components/BusSeatSimulation.tsx(148,25): error TS2339: Property 'mesh' does not exist on type 'JSX.IntrinsicElements'.
components/BusSeatSimulation.tsx(151,25): error TS2339: Property 'mesh' does not exist on type 'JSX.IntrinsicElements'.
components/BusSeatSimulation.tsx(152,29): error TS2339: Property 'boxGeometry' does not exist on type 'JSX.IntrinsicElements'.
components/BusSeatSimulation.tsx(153,29): error TS2339: Property 'meshStandardMaterial' does not exist on type 'JSX.IntrinsicElements'.
components/BusSeatSimulation.tsx(159,25): error TS2339: Property 'mesh' does not exist on type 'JSX.IntrinsicElements'.
components/BusSeatSimulation.tsx(160,25): error TS2339: Property 'mesh' does not exist on type 'JSX.IntrinsicElements'.
components/BusSeatSimulation.tsx(161,29): error TS2339: Property 'boxGeometry' does not exist on type 'JSX.IntrinsicElements'.
components/BusSeatSimulation.tsx(162,29): error TS2339: Property 'meshStandardMaterial' does not exist on type 'JSX.IntrinsicElements'.
components/BusSeatSimulation.tsx(163,25): error TS2339: Property 'mesh' does not exist on type 'JSX.IntrinsicElements'.
components/BusSeatSimulation.tsx(178,21): error TS2339: Property 'group' does not exist on type 'JSX.IntrinsicElements'.
components/Navbar2.tsx(13,41): error TS2307: Cannot find module 'framer-motion' or its corresponding type declarations.
components/PageTransition.tsx(3,24): error TS2307: Cannot find module 'framer-motion' or its corresponding type declarations.
components/sections/trip-management.tsx(468,42): error TS2339: Property 'trip_id' does not exist on type 'Schedule'.
components/sections/trip-management.tsx(474,28): error TS2304: Cannot find name 'LayoutGrid'.
components/sections/trip-management.tsx(507,16): error TS2304: Cannot find name 'BusSeatSimulation'.
components/ThemeToggle.tsx(6,41): error TS2307: Cannot find module 'framer-motion' or its corresponding type declarations.
components/ui/chart.tsx(298,19): error TS2322: Type 'unknown' is not assignable to type 'BackgroundColor | undefined'.
components/ui/resizable.tsx(12,51): error TS2339: Property 'PanelGroup' does not exist on type 'typeof import("C:/Users/VICTUS/Desktop/Level 4 projects/travyotei_ui/node_modules/react-resizable-panels/dist/react-resizable-panels")'.
components/ui/resizable.tsx(14,25): error TS2339: Property 'PanelGroup' does not exist on type 'typeof import("C:/Users/VICTUS/Desktop/Level 4 projects/travyotei_ui/node_modules/react-resizable-panels/dist/react-resizable-panels")'.
components/ui/resizable.tsx(35,51): error TS2339: Property 'PanelResizeHandle' does not exist on type 'typeof import("C:/Users/VICTUS/Desktop/Level 4 projects/travyotei_ui/node_modules/react-resizable-panels/dist/react-resizable-panels")'.
components/ui/resizable.tsx(39,25): error TS2339: Property 'PanelResizeHandle' does not exist on type 'typeof import("C:/Users/VICTUS/Desktop/Level 4 projects/travyotei_ui/node_modules/react-resizable-panels/dist/react-resizable-panels")'.
components/ui/resizable.tsx(52,26): error TS2339: Property 'PanelResizeHandle' does not exist on type 'typeof import("C:/Users/VICTUS/Desktop/Level 4 projects/travyotei_ui/node_modules/react-resizable-panels/dist/react-resizable-panels")'.
